// Jest Snapshot v1, https://goo.gl/fbAQLP

exports[`Matches snapshot Only component test 1`] = `
<svg
  height="55"
  width="55"
>
  <line
    stroke="white"
    stroke-width="2px"
    x1="25"
    x2="47"
    y1="25"
    y2="25"
  />
  <circle
    cx="25"
    cy="25"
    fill="grey"
    mask="url(#quarter)"
    r="40%"
    stroke="white"
    stroke-width="4%"
  />
  <line
    stroke="white"
    stroke-width="2px"
    x1="25"
    x2="25"
    y1="3"
    y2="25"
  />
  <line
    stroke="white"
    stroke-width="4px"
    x1="25"
    x2="41.5"
    y1="25"
    y2="8.5"
  />
  <defs>
    <mask
      id="quarter"
    >
      <rect
        fill="white"
        height="50"
        width="25"
        x="0"
        y="0"
      />
      <rect
        fill="white"
        height="25"
        width="50"
        x="0"
        y="25"
      />
    </mask>
  </defs>
</svg>
`;
